// Jest Snapshot v1, https://goo.gl/fbAQLP

exports[`Testing Details should match the snapshot 1`] = `
<div
  className="details row"
>
  <div
    className="bg_image"
  >
    <img
      alt="details"
      className="details-img"
      src="https://rare-gallery.com/uploads/posts/558972-sky-high-resolution.jpg"
    />
    <a
      className="back_button"
      href="/home"
      onClick={[Function]}
    >
      <svg
        fill="currentColor"
        height="1em"
        stroke="currentColor"
        strokeWidth="0"
        style={
          Object {
            "color": undefined,
          }
        }
        viewBox="0 0 512 512"
        width="1em"
        xmlns="http://www.w3.org/2000/svg"
      >
        <path
          d="M256 64C150 64 64 150 64 256s86 192 192 192 192-86 192-192S362 64 256 64z"
          fill="none"
          strokeMiterlimit="10"
          strokeWidth="32"
        />
        <path
          d="M296 352l-96-96 96-96"
          fill="none"
          strokeLinecap="round"
          strokeLinejoin="round"
          strokeWidth="32"
        />
      </svg>
    </a>
  </div>
  <div
    className="info column"
  >
    <h1
      className="info-title"
    />
    <p
      className="quote"
    >
      Better to see something once than to hear about it a thousand times.
    </p>
    <div
      className="box row"
    >
      <p>
        Price
      </p>
      <p>
        undefined $
      </p>
    </div>
    <div
      className="darkbox row"
    >
      <p>
        Ratings
      </p>
      <p>
        undefined/5
      </p>
    </div>
    <p
      className="description"
    />
    <a
      className="home-reserve-btn row"
      data-testid="reservation-link"
      href="/reserve/undefined"
      onClick={[Function]}
    >
      <svg
        fill="currentColor"
        height="1em"
        stroke="currentColor"
        strokeWidth="0"
        style={
          Object {
            "color": undefined,
          }
        }
        viewBox="0 0 1024 1024"
        width="1em"
        xmlns="http://www.w3.org/2000/svg"
      >
        <path
          d="M924.8 625.7l-65.5-56c3.1-19 4.7-38.4 4.7-57.8s-1.6-38.8-4.7-57.8l65.5-56a32.03 32.03 0 0 0 9.3-35.2l-.9-2.6a443.74 443.74 0 0 0-79.7-137.9l-1.8-2.1a32.12 32.12 0 0 0-35.1-9.5l-81.3 28.9c-30-24.6-63.5-44-99.7-57.6l-15.7-85a32.05 32.05 0 0 0-25.8-25.7l-2.7-.5c-52.1-9.4-106.9-9.4-159 0l-2.7.5a32.05 32.05 0 0 0-25.8 25.7l-15.8 85.4a351.86 351.86 0 0 0-99 57.4l-81.9-29.1a32 32 0 0 0-35.1 9.5l-1.8 2.1a446.02 446.02 0 0 0-79.7 137.9l-.9 2.6c-4.5 12.5-.8 26.5 9.3 35.2l66.3 56.6c-3.1 18.8-4.6 38-4.6 57.1 0 19.2 1.5 38.4 4.6 57.1L99 625.5a32.03 32.03 0 0 0-9.3 35.2l.9 2.6c18.1 50.4 44.9 96.9 79.7 137.9l1.8 2.1a32.12 32.12 0 0 0 35.1 9.5l81.9-29.1c29.8 24.5 63.1 43.9 99 57.4l15.8 85.4a32.05 32.05 0 0 0 25.8 25.7l2.7.5a449.4 449.4 0 0 0 159 0l2.7-.5a32.05 32.05 0 0 0 25.8-25.7l15.7-85a350 350 0 0 0 99.7-57.6l81.3 28.9a32 32 0 0 0 35.1-9.5l1.8-2.1c34.8-41.1 61.6-87.5 79.7-137.9l.9-2.6c4.5-12.3.8-26.3-9.3-35zM788.3 465.9c2.5 15.1 3.8 30.6 3.8 46.1s-1.3 31-3.8 46.1l-6.6 40.1 74.7 63.9a370.03 370.03 0 0 1-42.6 73.6L721 702.8l-31.4 25.8c-23.9 19.6-50.5 35-79.3 45.8l-38.1 14.3-17.9 97a377.5 377.5 0 0 1-85 0l-17.9-97.2-37.8-14.5c-28.5-10.8-55-26.2-78.7-45.7l-31.4-25.9-93.4 33.2c-17-22.9-31.2-47.6-42.6-73.6l75.5-64.5-6.5-40c-2.4-14.9-3.7-30.3-3.7-45.5 0-15.3 1.2-30.6 3.7-45.5l6.5-40-75.5-64.5c11.3-26.1 25.6-50.7 42.6-73.6l93.4 33.2 31.4-25.9c23.7-19.5 50.2-34.9 78.7-45.7l37.9-14.3 17.9-97.2c28.1-3.2 56.8-3.2 85 0l17.9 97 38.1 14.3c28.7 10.8 55.4 26.2 79.3 45.8l31.4 25.8 92.8-32.9c17 22.9 31.2 47.6 42.6 73.6L781.8 426l6.5 39.9zM512 326c-97.2 0-176 78.8-176 176s78.8 176 176 176 176-78.8 176-176-78.8-176-176-176zm79.2 255.2A111.6 111.6 0 0 1 512 614c-29.9 0-58-11.7-79.2-32.8A111.6 111.6 0 0 1 400 502c0-29.9 11.7-58 32.8-79.2C454 401.6 482.1 390 512 390c29.9 0 58 11.6 79.2 32.8A111.6 111.6 0 0 1 624 502c0 29.9-11.7 58-32.8 79.2z"
        />
      </svg>
      Reserve
      <svg
        fill="currentColor"
        height="1em"
        stroke="currentColor"
        strokeWidth="0"
        style={
          Object {
            "color": undefined,
          }
        }
        viewBox="0 0 16 16"
        width="1em"
        xmlns="http://www.w3.org/2000/svg"
      >
        <path
          d="M1 8a7 7 0 1 0 14 0A7 7 0 0 0 1 8zm15 0A8 8 0 1 1 0 8a8 8 0 0 1 16 0zM4.5 7.5a.5.5 0 0 0 0 1h5.793l-2.147 2.146a.5.5 0 0 0 .708.708l3-3a.5.5 0 0 0 0-.708l-3-3a.5.5 0 1 0-.708.708L10.293 7.5H4.5z"
          fillRule="evenodd"
        />
      </svg>
    </a>
  </div>
</div>
`;
